// Jest Snapshot v1, https://goo.gl/fbAQLP

exports[`CityWeatherListPage should set favourite on click favourite icon 1`] = `
<div>
  <section>
    <header
      class="header"
    >
      <h1>
        City Weather Info
      </h1>
      <button
        class="iconButton"
      >
        <svg
          fill="currentColor"
          height="1em"
          stroke="currentColor"
          stroke-width="0"
          viewBox="0 0 24 24"
          width="1em"
          xmlns="http://www.w3.org/2000/svg"
        >
          <g>
            <path
              d="M0 0h24v24H0z"
              fill="none"
            />
            <path
              d="M.69 6.997A17.925 17.925 0 0 1 12 3c4.285 0 8.22 1.497 11.31 3.997l-1.256 1.556A15.933 15.933 0 0 0 12 5C8.191 5 4.694 6.33 1.946 8.553L.69 6.997zm3.141 3.89A12.946 12.946 0 0 1 12 8c3.094 0 5.936 1.081 8.169 2.886l-1.257 1.556A10.954 10.954 0 0 0 12 10c-2.618 0-5.023.915-6.912 2.442l-1.257-1.556zm3.142 3.89A7.967 7.967 0 0 1 12 13c1.904 0 3.653.665 5.027 1.776l-1.257 1.556A5.975 5.975 0 0 0 12 15c-1.428 0-2.74.499-3.77 1.332l-1.257-1.556zm3.142 3.89A2.987 2.987 0 0 1 12 18c.714 0 1.37.25 1.885.666L12 21l-1.885-2.334z"
            />
          </g>
        </svg>
      </button>
    </header>
    <main
      class="cityList"
    >
      <div
        class="citySearchContainer"
      >
        <div
          class="root"
        >
          <div
            class="root"
          >
            <input
              class="searchTxtFld"
              placeholder="Search for cities..."
              type="text"
              value=""
            />
            
          </div>
        </div>
      </div>
      <section
        class="root"
      >
        <a
          href="/detail?cityId=TOKYO_TOKYO_JAPAN&cityName=Tokyo&region=Tokyo&country=Japan"
        >
          <div>
            <h1
              class="cityName"
            >
              Tokyo
            </h1>
            <h2
              class="countryName"
            >
              Tokyo, Japan
            </h2>
          </div>
        </a>
        <h2
          class="temperature"
        >
          32
           â„ƒ
        </h2>
        <div>
          <button
            class="iconButton favouriteIcon"
            data-testid="TOKYO_TOKYO_JAPAN_favBtn"
          >
            <svg
              fill="currentColor"
              height="1em"
              stroke="currentColor"
              stroke-width="0"
              viewBox="0 0 24 24"
              width="1em"
              xmlns="http://www.w3.org/2000/svg"
            >
              <path
                d="M16.5 3c-1.74 0-3.41.81-4.5 2.09C10.91 3.81 9.24 3 7.5 3 4.42 3 2 5.42 2 8.5c0 3.78 3.4 6.86 8.55 11.54L12 21.35l1.45-1.32C18.6 15.36 22 12.28 22 8.5 22 5.42 19.58 3 16.5 3zm-4.4 15.55l-.1.1-.1-.1C7.14 14.24 4 11.39 4 8.5 4 6.5 5.5 5 7.5 5c1.54 0 3.04.99 3.57 2.36h1.87C13.46 5.99 14.96 5 16.5 5c2 0 3.5 1.5 3.5 3.5 0 2.89-3.14 5.74-7.9 10.05z"
              />
            </svg>
          </button>
        </div>
        <button
          class="iconButton deleteIcon visibleOnHover"
          data-testid="TOKYO_TOKYO_JAPAN_deleteBtn"
        >
          <svg
            fill="currentColor"
            height="1em"
            stroke="currentColor"
            stroke-width="0"
            viewBox="0 0 24 24"
            width="1em"
            xmlns="http://www.w3.org/2000/svg"
          >
            <path
              d="M19 6.41L17.59 5 12 10.59 6.41 5 5 6.41 10.59 12 5 17.59 6.41 19 12 13.41 17.59 19 19 17.59 13.41 12z"
            />
          </svg>
        </button>
      </section>
    </main>
  </section>
</div>
`;
